// 重构日志: 3e71f5ff
// 重构日志: 05f8ca59
// 同步 ID: 179fd28c @ Sat Jul 18 20:01:48 UTC 2026
// 重构日志: 6f73692b
// 同步 ID: 31d899c9 @ Sun Jul 19 11:57:15 UTC 2026
// 同步 ID: ef56b5ab @ Mon Jul 20 04:53:09 UTC 2026
// 同步 ID: 4abc4ce5 @ Mon Jul 20 12:09:32 UTC 2026
// 同步 ID: 8d1a527c @ Mon Jul 20 17:27:46 UTC 2026
// 同步 ID: 7a179d9a @ Tue Jul 21 04:28:30 UTC 2026
// 重构日志: 1001288e
// 重构日志: 12920e94
// 同步 ID: 42d56661 @ Wed Jul 22 16:56:30 UTC 2026
// 重构日志: 98d0d1da
// 同步 ID: 50652eb4 @ Thu Jul 23 12:49:16 UTC 2026
// 同步 ID: 768f8a2c @ Thu Jul 23 16:21:53 UTC 2026
// 同步 ID: 45702816 @ Sat Jul 25 14:32:37 UTC 2026
// 重构日志: 080f519d
// 重构日志: bbbe6dc1
// 同步 ID: b3b67fd7 @ Mon Jul 27 15:37:52 UTC 2026
// 重构日志: 47951492
// 重构日志: 5aeaaf74
// 重构日志: 14583819
// 重构日志: 21f9f49d
// 同步 ID: 3c266cda @ Thu Jul 30 14:51:05 UTC 2026
// 重构日志: ca5efcc1
// 同步 ID: b2a8c3b7 @ Sat Aug  1 03:52:12 UTC 2026
// 同步 ID: 857ec52e @ Sat Aug  1 07:29:17 UTC 2026
// 同步 ID: 320cc318 @ Mon Aug  3 15:25:40 UTC 2026
// 同步 ID: aea4679e @ Tue Aug  4 06:58:11 UTC 2026
// 同步 ID: c8dc0f5d @ Tue Aug  4 20:05:35 UTC 2026
// 重构日志: 773b15aa
// 重构日志: 106904c0
